{
    "incomplete": [
        {
            "user_id": "1",
            "title": "Test To Do #2",
            "body": "This is the To Do body for To Do #2",
            "due_date": "2020-11-11",
            "remind_at": null,
            "complete": "0",
            "image": null,
            "attachment": null
        },
        {
            "user_id": "1",
            "title": "Test To Do #4",
            "body": "This is the To Do body for To Do #4",
            "due_date": "2020-11-13",
            "remind_at": null,
            "complete": "0",
            "image": null,
            "attachment": null
        },
        {
            "user_id": "1",
            "title": "Test To Do #6",
            "body": "This is the To Do body for To Do #6",
            "due_date": "2020-11-15",
            "remind_at": null,
            "complete": "0",
            "image": null,
            "attachment": null
        },
        {
            "user_id": "1",
            "title": "Test To Do #8",
            "body": "This is the To Do body for To Do #8",
            "due_date": "2020-11-17",
            "remind_at": null,
            "complete": "0",
            "image": null,
            "attachment": null
        },
        {
            "user_id": "1",
            "title": "Test To Do #10",
            "body": "This is the To Do body for To Do #10",
            "due_date": "2020-11-19",
            "remind_at": null,
            "complete": "0",
            "image": null,
            "attachment": null
        },
        {
            "user_id": "1",
            "title": "To Do with Image",
            "body": null,
            "due_date": null,
            "remind_at": null,
            "complete": "0",
            "image": "\/images\/f2415dbda025cef1eb824d7949f1a685",
            "attachment": null
        }
    ],
    "complete": [
        {
            "user_id": "1",
            "title": "Test To Do #1",
            "body": "This is the To Do body for To Do #1",
            "due_date": "2020-11-10",
            "remind_at": null,
            "complete": "1",
            "image": null,
            "attachment": null
        },
        {
            "user_id": "1",
            "title": "Test To Do #3",
            "body": "This is the To Do body for To Do #3",
            "due_date": "2020-11-12",
            "remind_at": null,
            "complete": "1",
            "image": null,
            "attachment": null
        },
        {
            "user_id": "1",
            "title": "Test To Do #5",
            "body": "This is the To Do body for To Do #5",
            "due_date": "2020-11-14",
            "remind_at": null,
            "complete": "1",
            "image": null,
            "attachment": null
        },
        {
            "user_id": "1",
            "title": "Test To Do #7",
            "body": "This is the To Do body for To Do #7",
            "due_date": "2020-11-16",
            "remind_at": null,
            "complete": "1",
            "image": null,
            "attachment": null
        },
        {
            "user_id": "1",
            "title": "Test To Do #9",
            "body": "This is the To Do body for To Do #9",
            "due_date": "2020-11-18",
            "remind_at": null,
            "complete": "1",
            "image": null,
            "attachment": null
        },
        {
            "user_id": "1",
            "title": "Test To Do #11",
            "body": "This is the To Do body for To Do #11",
            "due_date": "2020-11-20",
            "remind_at": null,
            "complete": "1",
            "image": null,
            "attachment": null
        }
    ]
}
