{
    "incomplete": [
        {
            "user_id": "1",
            "title": "Test To Do",
            "body": "This is the To Do body",
            "due_date": "2020-11-11",
            "remind_at": null,
            "complete": "0",
            "image": null,
            "attachment": null
        },
        {
            "user_id": "1",
            "title": "Test To Do",
            "body": "This is the To Do body",
            "due_date": "2020-11-13",
            "remind_at": null,
            "complete": "0",
            "image": null,
            "attachment": null
        },
        {
            "user_id": "1",
            "title": "Test To Do",
            "body": "This is the To Do body",
            "due_date": "2020-11-15",
            "remind_at": null,
            "complete": "0",
            "image": null,
            "attachment": null
        },
        {
            "user_id": "1",
            "title": "Test To Do",
            "body": "This is the To Do body",
            "due_date": "2020-11-17",
            "remind_at": null,
            "complete": "0",
            "image": null,
            "attachment": null
        },
        {
            "user_id": "1",
            "title": "Test To Do",
            "body": "This is the To Do body",
            "due_date": "2020-11-19",
            "remind_at": null,
            "complete": "0",
            "image": null,
            "attachment": null
        },
        {
            "user_id": "1",
            "title": "To Do with Attachment",
            "body": null,
            "due_date": null,
            "remind_at": null,
            "complete": "0",
            "image": null,
            "attachment": null
        }
    ],
    "complete": [
        {
            "user_id": "1",
            "title": "Test To Do",
            "body": "This is the To Do body",
            "due_date": "2020-11-10",
            "remind_at": null,
            "complete": "1",
            "image": null,
            "attachment": null
        },
        {
            "user_id": "1",
            "title": "Test To Do",
            "body": "This is the To Do body",
            "due_date": "2020-11-12",
            "remind_at": null,
            "complete": "1",
            "image": null,
            "attachment": null
        },
        {
            "user_id": "1",
            "title": "Test To Do",
            "body": "This is the To Do body",
            "due_date": "2020-11-14",
            "remind_at": null,
            "complete": "1",
            "image": null,
            "attachment": null
        },
        {
            "user_id": "1",
            "title": "Test To Do",
            "body": "This is the To Do body",
            "due_date": "2020-11-16",
            "remind_at": null,
            "complete": "1",
            "image": null,
            "attachment": null
        },
        {
            "user_id": "1",
            "title": "Test To Do",
            "body": "This is the To Do body",
            "due_date": "2020-11-18",
            "remind_at": null,
            "complete": "1",
            "image": null,
            "attachment": null
        },
        {
            "user_id": "1",
            "title": "Test To Do",
            "body": "This is the To Do body",
            "due_date": "2020-11-20",
            "remind_at": null,
            "complete": "1",
            "image": null,
            "attachment": null
        }
    ]
}
