{
    "1": "1 day before due date",
    "2": "2 days before due date",
    "3": "3 days before due date",
    "4": "4 days before due date",
    "5": "5 days before due date",
    "6": "6 days before due date",
    "7": "1 week before due date",
    "14": "2 weeks before due date",
    "21": "3 weeks before due date",
    "28": "4 weeks before due date"
}
